// Jest Snapshot v1, https://goo.gl/fbAQLP

exports[`test on <MultipleCustomHooks /> should render 1`] = `
<Fragment>
  <h1>
    Multiple Custom Hooks
  </h1>
  <hr />
  <div
    className="alert alert-info"
    role="alert"
  >
    <strong>
      Loading...
    </strong>
  </div>
  <button
    className="btn btn-primary"
    onClick={[Function]}
    type="button"
  >
    Next Quote
  </button>
</Fragment>
`;
